
> frontend@1.0.0 build
> vite build

[36mvite v6.4.1 [32mbuilding for production...[36m[39m
transforming...
[32mΓ£ô[39m 51 modules transformed.
node.exe : [31mΓ£ù[39m Build failed 
in 856ms
At C:\nvm4w\nodejs\npm.ps1:29 char:3
+   & $NODE_EXE $NPM_CLI_JS $args
+   ~~~~~~~~~~~~~~~~~~~~~~~~~~~~~
    + CategoryInfo          : NotSpeci 
   fied: ([31mΓ£ù[39m Build failed   
  in 856ms:String) [], RemoteExcepti   
 on
    + FullyQualifiedErrorId : NativeCo 
   mmandError
 
[31merror during build:
[31mCould not resolve 
"../layouts/DashboardLayout.jsx" from 
"src/pages/employee/MyJob.jsx"[31m
file: [36mC:/Users/pc/Desktop/OnlineJo
bSearching/frontend/src/pages/employee/
MyJob.jsx[31m
    at getRollupError (file:///C:/Users
/pc/Desktop/OnlineJobSearching/frontend
/node_modules/rollup/dist/es/shared/par
seAst.js:402:41)
    at error (file:///C:/Users/pc/Deskt
op/OnlineJobSearching/frontend/node_mod
ules/rollup/dist/es/shared/parseAst.js:
398:42)
    at 
ModuleLoader.handleInvalidResolvedId (f
ile:///C:/Users/pc/Desktop/OnlineJobSea
rching/frontend/node_modules/rollup/dis
t/es/shared/node-entry.js:21710:24)
    at file:///C:/Users/pc/Desktop/Onli
neJobSearching/frontend/node_modules/ro
llup/dist/es/shared/node-entry.js:21670
:26[39m
